Archive member included to satisfy reference by file (symbol)

d:/program files (x86)/atmel/studio/7.0/toolchain/avr8/avr8-gnu-toolchain/bin/../lib/gcc/avr/5.4.0/avr5\libgcc.a(_exit.o)
                              D:/Program Files (x86)/Atmel/Studio/7.0/Packs/atmel/ATmega_DFP/1.7.374/gcc/dev/atmega328p/avr5/crtatmega328p.o (exit)
d:/program files (x86)/atmel/studio/7.0/toolchain/avr8/avr8-gnu-toolchain/bin/../lib/gcc/avr/5.4.0/avr5\libgcc.a(_copy_data.o)
                              sEOS/sEOS.o (__do_copy_data)
d:/program files (x86)/atmel/studio/7.0/toolchain/avr8/avr8-gnu-toolchain/bin/../lib/gcc/avr/5.4.0/avr5\libgcc.a(_clear_bss.o)
                              Leds/led.o (__do_clear_bss)

Discarded input sections

 .data          0x00000000        0x0 D:/Program Files (x86)/Atmel/Studio/7.0/Packs/atmel/ATmega_DFP/1.7.374/gcc/dev/atmega328p/avr5/crtatmega328p.o
 .bss           0x00000000        0x0 D:/Program Files (x86)/Atmel/Studio/7.0/Packs/atmel/ATmega_DFP/1.7.374/gcc/dev/atmega328p/avr5/crtatmega328p.o
 .text          0x00000000        0x0 Leds/led.o
 .data          0x00000000        0x0 Leds/led.o
 .bss           0x00000000        0x0 Leds/led.o
 .text.LEDS_setFinalRed
                0x00000000        0x6 Leds/led.o
 .text.LEDS_setFinalGreen
                0x00000000        0x6 Leds/led.o
 .text.LEDS_setFinalBlue
                0x00000000        0x6 Leds/led.o
 .text          0x00000000        0x0 main.o
 .data          0x00000000        0x0 main.o
 .bss           0x00000000        0x0 main.o
 .text          0x00000000        0x0 MEF/MEF.o
 .data          0x00000000        0x0 MEF/MEF.o
 .bss           0x00000000        0x0 MEF/MEF.o
 .text          0x00000000        0x0 sEOS/sEOS.o
 .data          0x00000000        0x0 sEOS/sEOS.o
 .bss           0x00000000        0x0 sEOS/sEOS.o
 .text.sEOS_Go_To_Sleep
                0x00000000       0x16 sEOS/sEOS.o
 .text          0x00000000        0x0 SW_PWM/PWM.o
 .data          0x00000000        0x0 SW_PWM/PWM.o
 .bss           0x00000000        0x0 SW_PWM/PWM.o
 .text.PWM_get_comp_value
                0x00000000        0x6 SW_PWM/PWM.o
 .text.PWM_set_comp_value
                0x00000000        0x6 SW_PWM/PWM.o
 .text          0x00000000        0x0 Timers/timer0.o
 .data          0x00000000        0x0 Timers/timer0.o
 .bss           0x00000000        0x0 Timers/timer0.o
 .text          0x00000000        0x0 Timers/timer1.o
 .data          0x00000000        0x0 Timers/timer1.o
 .bss           0x00000000        0x0 Timers/timer1.o
 .text          0x00000000        0x0 d:/program files (x86)/atmel/studio/7.0/toolchain/avr8/avr8-gnu-toolchain/bin/../lib/gcc/avr/5.4.0/avr5\libgcc.a(_exit.o)
 .data          0x00000000        0x0 d:/program files (x86)/atmel/studio/7.0/toolchain/avr8/avr8-gnu-toolchain/bin/../lib/gcc/avr/5.4.0/avr5\libgcc.a(_exit.o)
 .bss           0x00000000        0x0 d:/program files (x86)/atmel/studio/7.0/toolchain/avr8/avr8-gnu-toolchain/bin/../lib/gcc/avr/5.4.0/avr5\libgcc.a(_exit.o)
 .text.libgcc.mul
                0x00000000        0x0 d:/program files (x86)/atmel/studio/7.0/toolchain/avr8/avr8-gnu-toolchain/bin/../lib/gcc/avr/5.4.0/avr5\libgcc.a(_exit.o)
 .text.libgcc.div
                0x00000000        0x0 d:/program files (x86)/atmel/studio/7.0/toolchain/avr8/avr8-gnu-toolchain/bin/../lib/gcc/avr/5.4.0/avr5\libgcc.a(_exit.o)
 .text.libgcc   0x00000000        0x0 d:/program files (x86)/atmel/studio/7.0/toolchain/avr8/avr8-gnu-toolchain/bin/../lib/gcc/avr/5.4.0/avr5\libgcc.a(_exit.o)
 .text.libgcc.prologue
                0x00000000        0x0 d:/program files (x86)/atmel/studio/7.0/toolchain/avr8/avr8-gnu-toolchain/bin/../lib/gcc/avr/5.4.0/avr5\libgcc.a(_exit.o)
 .text.libgcc.builtins
                0x00000000        0x0 d:/program files (x86)/atmel/studio/7.0/toolchain/avr8/avr8-gnu-toolchain/bin/../lib/gcc/avr/5.4.0/avr5\libgcc.a(_exit.o)
 .text.libgcc.fmul
                0x00000000        0x0 d:/program files (x86)/atmel/studio/7.0/toolchain/avr8/avr8-gnu-toolchain/bin/../lib/gcc/avr/5.4.0/avr5\libgcc.a(_exit.o)
 .text.libgcc.fixed
                0x00000000        0x0 d:/program files (x86)/atmel/studio/7.0/toolchain/avr8/avr8-gnu-toolchain/bin/../lib/gcc/avr/5.4.0/avr5\libgcc.a(_exit.o)
 .text          0x00000000        0x0 d:/program files (x86)/atmel/studio/7.0/toolchain/avr8/avr8-gnu-toolchain/bin/../lib/gcc/avr/5.4.0/avr5\libgcc.a(_copy_data.o)
 .data          0x00000000        0x0 d:/program files (x86)/atmel/studio/7.0/toolchain/avr8/avr8-gnu-toolchain/bin/../lib/gcc/avr/5.4.0/avr5\libgcc.a(_copy_data.o)
 .bss           0x00000000        0x0 d:/program files (x86)/atmel/studio/7.0/toolchain/avr8/avr8-gnu-toolchain/bin/../lib/gcc/avr/5.4.0/avr5\libgcc.a(_copy_data.o)
 .text.libgcc.mul
                0x00000000        0x0 d:/program files (x86)/atmel/studio/7.0/toolchain/avr8/avr8-gnu-toolchain/bin/../lib/gcc/avr/5.4.0/avr5\libgcc.a(_copy_data.o)
 .text.libgcc.div
                0x00000000        0x0 d:/program files (x86)/atmel/studio/7.0/toolchain/avr8/avr8-gnu-toolchain/bin/../lib/gcc/avr/5.4.0/avr5\libgcc.a(_copy_data.o)
 .text.libgcc   0x00000000        0x0 d:/program files (x86)/atmel/studio/7.0/toolchain/avr8/avr8-gnu-toolchain/bin/../lib/gcc/avr/5.4.0/avr5\libgcc.a(_copy_data.o)
 .text.libgcc.prologue
                0x00000000        0x0 d:/program files (x86)/atmel/studio/7.0/toolchain/avr8/avr8-gnu-toolchain/bin/../lib/gcc/avr/5.4.0/avr5\libgcc.a(_copy_data.o)
 .text.libgcc.builtins
                0x00000000        0x0 d:/program files (x86)/atmel/studio/7.0/toolchain/avr8/avr8-gnu-toolchain/bin/../lib/gcc/avr/5.4.0/avr5\libgcc.a(_copy_data.o)
 .text.libgcc.fmul
                0x00000000        0x0 d:/program files (x86)/atmel/studio/7.0/toolchain/avr8/avr8-gnu-toolchain/bin/../lib/gcc/avr/5.4.0/avr5\libgcc.a(_copy_data.o)
 .text.libgcc.fixed
                0x00000000        0x0 d:/program files (x86)/atmel/studio/7.0/toolchain/avr8/avr8-gnu-toolchain/bin/../lib/gcc/avr/5.4.0/avr5\libgcc.a(_copy_data.o)
 .text          0x00000000        0x0 d:/program files (x86)/atmel/studio/7.0/toolchain/avr8/avr8-gnu-toolchain/bin/../lib/gcc/avr/5.4.0/avr5\libgcc.a(_clear_bss.o)
 .data          0x00000000        0x0 d:/program files (x86)/atmel/studio/7.0/toolchain/avr8/avr8-gnu-toolchain/bin/../lib/gcc/avr/5.4.0/avr5\libgcc.a(_clear_bss.o)
 .bss           0x00000000        0x0 d:/program files (x86)/atmel/studio/7.0/toolchain/avr8/avr8-gnu-toolchain/bin/../lib/gcc/avr/5.4.0/avr5\libgcc.a(_clear_bss.o)
 .text.libgcc.mul
                0x00000000        0x0 d:/program files (x86)/atmel/studio/7.0/toolchain/avr8/avr8-gnu-toolchain/bin/../lib/gcc/avr/5.4.0/avr5\libgcc.a(_clear_bss.o)
 .text.libgcc.div
                0x00000000        0x0 d:/program files (x86)/atmel/studio/7.0/toolchain/avr8/avr8-gnu-toolchain/bin/../lib/gcc/avr/5.4.0/avr5\libgcc.a(_clear_bss.o)
 .text.libgcc   0x00000000        0x0 d:/program files (x86)/atmel/studio/7.0/toolchain/avr8/avr8-gnu-toolchain/bin/../lib/gcc/avr/5.4.0/avr5\libgcc.a(_clear_bss.o)
 .text.libgcc.prologue
                0x00000000        0x0 d:/program files (x86)/atmel/studio/7.0/toolchain/avr8/avr8-gnu-toolchain/bin/../lib/gcc/avr/5.4.0/avr5\libgcc.a(_clear_bss.o)
 .text.libgcc.builtins
                0x00000000        0x0 d:/program files (x86)/atmel/studio/7.0/toolchain/avr8/avr8-gnu-toolchain/bin/../lib/gcc/avr/5.4.0/avr5\libgcc.a(_clear_bss.o)
 .text.libgcc.fmul
                0x00000000        0x0 d:/program files (x86)/atmel/studio/7.0/toolchain/avr8/avr8-gnu-toolchain/bin/../lib/gcc/avr/5.4.0/avr5\libgcc.a(_clear_bss.o)
 .text.libgcc.fixed
                0x00000000        0x0 d:/program files (x86)/atmel/studio/7.0/toolchain/avr8/avr8-gnu-toolchain/bin/../lib/gcc/avr/5.4.0/avr5\libgcc.a(_clear_bss.o)

Memory Configuration

Name             Origin             Length             Attributes
text             0x00000000         0x00008000         xr
data             0x00800100         0x00000800         rw !x
eeprom           0x00810000         0x00000400         rw !x
fuse             0x00820000         0x00000003         rw !x
lock             0x00830000         0x00000400         rw !x
signature        0x00840000         0x00000400         rw !x
user_signatures  0x00850000         0x00000400         rw !x
*default*        0x00000000         0xffffffff

Linker script and memory map

Address of section .data set to 0x800100
LOAD D:/Program Files (x86)/Atmel/Studio/7.0/Packs/atmel/ATmega_DFP/1.7.374/gcc/dev/atmega328p/avr5/crtatmega328p.o
LOAD Leds/led.o
LOAD main.o
LOAD MEF/MEF.o
LOAD sEOS/sEOS.o
LOAD SW_PWM/PWM.o
LOAD Timers/timer0.o
LOAD Timers/timer1.o
START GROUP
LOAD d:/program files (x86)/atmel/studio/7.0/toolchain/avr8/avr8-gnu-toolchain/bin/../lib/gcc/avr/5.4.0/../../../../avr/lib/avr5\libm.a
END GROUP
START GROUP
LOAD d:/program files (x86)/atmel/studio/7.0/toolchain/avr8/avr8-gnu-toolchain/bin/../lib/gcc/avr/5.4.0/avr5\libgcc.a
LOAD d:/program files (x86)/atmel/studio/7.0/toolchain/avr8/avr8-gnu-toolchain/bin/../lib/gcc/avr/5.4.0/../../../../avr/lib/avr5\libm.a
LOAD d:/program files (x86)/atmel/studio/7.0/toolchain/avr8/avr8-gnu-toolchain/bin/../lib/gcc/avr/5.4.0/../../../../avr/lib/avr5\libc.a
LOAD D:/Program Files (x86)/Atmel/Studio/7.0/Packs/atmel/ATmega_DFP/1.7.374/gcc/dev/atmega328p/avr5\libatmega328p.a
END GROUP
                0x00000000                __TEXT_REGION_ORIGIN__ = DEFINED (__TEXT_REGION_ORIGIN__)?__TEXT_REGION_ORIGIN__:0x0
                [0x00800100]                __DATA_REGION_ORIGIN__ = DEFINED (__DATA_REGION_ORIGIN__)?__DATA_REGION_ORIGIN__:0x800060
                [0x00008000]                __TEXT_REGION_LENGTH__ = DEFINED (__TEXT_REGION_LENGTH__)?__TEXT_REGION_LENGTH__:0x20000
                [0x00000800]                __DATA_REGION_LENGTH__ = DEFINED (__DATA_REGION_LENGTH__)?__DATA_REGION_LENGTH__:0xffa0
                [0x00000400]                __EEPROM_REGION_LENGTH__ = DEFINED (__EEPROM_REGION_LENGTH__)?__EEPROM_REGION_LENGTH__:0x10000
                [0x00000003]                __FUSE_REGION_LENGTH__ = DEFINED (__FUSE_REGION_LENGTH__)?__FUSE_REGION_LENGTH__:0x400
                0x00000400                __LOCK_REGION_LENGTH__ = DEFINED (__LOCK_REGION_LENGTH__)?__LOCK_REGION_LENGTH__:0x400
                0x00000400                __SIGNATURE_REGION_LENGTH__ = DEFINED (__SIGNATURE_REGION_LENGTH__)?__SIGNATURE_REGION_LENGTH__:0x400
                0x00000400                __USER_SIGNATURE_REGION_LENGTH__ = DEFINED (__USER_SIGNATURE_REGION_LENGTH__)?__USER_SIGNATURE_REGION_LENGTH__:0x400

.hash
 *(.hash)

.dynsym
 *(.dynsym)

.dynstr
 *(.dynstr)

.gnu.version
 *(.gnu.version)

.gnu.version_d
 *(.gnu.version_d)

.gnu.version_r
 *(.gnu.version_r)

.rel.init
 *(.rel.init)

.rela.init
 *(.rela.init)

.rel.text
 *(.rel.text)
 *(.rel.text.*)
 *(.rel.gnu.linkonce.t*)

.rela.text
 *(.rela.text)
 *(.rela.text.*)
 *(.rela.gnu.linkonce.t*)

.rel.fini
 *(.rel.fini)

.rela.fini
 *(.rela.fini)

.rel.rodata
 *(.rel.rodata)
 *(.rel.rodata.*)
 *(.rel.gnu.linkonce.r*)

.rela.rodata
 *(.rela.rodata)
 *(.rela.rodata.*)
 *(.rela.gnu.linkonce.r*)

.rel.data
 *(.rel.data)
 *(.rel.data.*)
 *(.rel.gnu.linkonce.d*)

.rela.data
 *(.rela.data)
 *(.rela.data.*)
 *(.rela.gnu.linkonce.d*)

.rel.ctors
 *(.rel.ctors)

.rela.ctors
 *(.rela.ctors)

.rel.dtors
 *(.rel.dtors)

.rela.dtors
 *(.rela.dtors)

.rel.got
 *(.rel.got)

.rela.got
 *(.rela.got)

.rel.bss
 *(.rel.bss)

.rela.bss
 *(.rela.bss)

.rel.plt
 *(.rel.plt)

.rela.plt
 *(.rela.plt)

.text           0x00000000      0x55a
 *(.vectors)
 .vectors       0x00000000       0x68 D:/Program Files (x86)/Atmel/Studio/7.0/Packs/atmel/ATmega_DFP/1.7.374/gcc/dev/atmega328p/avr5/crtatmega328p.o
                0x00000000                __vector_default
                0x00000000                __vectors
 *(.vectors)
 *(.progmem.gcc*)
                0x00000068                . = ALIGN (0x2)
                0x00000068                __trampolines_start = .
 *(.trampolines)
 .trampolines   0x00000068        0x0 linker stubs
 *(.trampolines*)
                0x00000068                __trampolines_end = .
 *libprintf_flt.a:*(.progmem.data)
 *libc.a:*(.progmem.data)
 *(.progmem*)
                0x00000068                . = ALIGN (0x2)
 *(.jumptables)
 *(.jumptables*)
 *(.lowtext)
 *(.lowtext*)
                0x00000068                __ctors_start = .
 *(.ctors)
                0x00000068                __ctors_end = .
                0x00000068                __dtors_start = .
 *(.dtors)
                0x00000068                __dtors_end = .
 SORT(*)(.ctors)
 SORT(*)(.dtors)
 *(.init0)
 .init0         0x00000068        0x0 D:/Program Files (x86)/Atmel/Studio/7.0/Packs/atmel/ATmega_DFP/1.7.374/gcc/dev/atmega328p/avr5/crtatmega328p.o
                0x00000068                __init
 *(.init0)
 *(.init1)
 *(.init1)
 *(.init2)
 .init2         0x00000068        0xc D:/Program Files (x86)/Atmel/Studio/7.0/Packs/atmel/ATmega_DFP/1.7.374/gcc/dev/atmega328p/avr5/crtatmega328p.o
 *(.init2)
 *(.init3)
 *(.init3)
 *(.init4)
 .init4         0x00000074       0x16 d:/program files (x86)/atmel/studio/7.0/toolchain/avr8/avr8-gnu-toolchain/bin/../lib/gcc/avr/5.4.0/avr5\libgcc.a(_copy_data.o)
                0x00000074                __do_copy_data
 .init4         0x0000008a       0x10 d:/program files (x86)/atmel/studio/7.0/toolchain/avr8/avr8-gnu-toolchain/bin/../lib/gcc/avr/5.4.0/avr5\libgcc.a(_clear_bss.o)
                0x0000008a                __do_clear_bss
 *(.init4)
 *(.init5)
 *(.init5)
 *(.init6)
 *(.init6)
 *(.init7)
 *(.init7)
 *(.init8)
 *(.init8)
 *(.init9)
 .init9         0x0000009a        0x8 D:/Program Files (x86)/Atmel/Studio/7.0/Packs/atmel/ATmega_DFP/1.7.374/gcc/dev/atmega328p/avr5/crtatmega328p.o
 *(.init9)
 *(.text)
 .text          0x000000a2        0x4 D:/Program Files (x86)/Atmel/Studio/7.0/Packs/atmel/ATmega_DFP/1.7.374/gcc/dev/atmega328p/avr5/crtatmega328p.o
                0x000000a2                __vector_22
                0x000000a2                __vector_1
                0x000000a2                __vector_24
                0x000000a2                __vector_12
                0x000000a2                __bad_interrupt
                0x000000a2                __vector_6
                0x000000a2                __vector_3
                0x000000a2                __vector_23
                0x000000a2                __vector_25
                0x000000a2                __vector_11
                0x000000a2                __vector_13
                0x000000a2                __vector_17
                0x000000a2                __vector_19
                0x000000a2                __vector_7
                0x000000a2                __vector_5
                0x000000a2                __vector_4
                0x000000a2                __vector_9
                0x000000a2                __vector_2
                0x000000a2                __vector_21
                0x000000a2                __vector_15
                0x000000a2                __vector_8
                0x000000a2                __vector_10
                0x000000a2                __vector_16
                0x000000a2                __vector_18
                0x000000a2                __vector_20
                0x000000a6                . = ALIGN (0x2)
 *(.text.*)
 .text.distributeValues
                0x000000a6       0xa6 Leds/led.o
                0x000000a6                distributeValues
 .text.LEDS_setRed
                0x0000014c        0x6 Leds/led.o
                0x0000014c                LEDS_setRed
 .text.LEDS_setGreen
                0x00000152       0x16 Leds/led.o
                0x00000152                LEDS_setGreen
 .text.LEDS_setBlue
                0x00000168       0x16 Leds/led.o
                0x00000168                LEDS_setBlue
 .text.LEDS_init
                0x0000017e       0x46 Leds/led.o
                0x0000017e                LEDS_init
 .text.LEDS_getRed
                0x000001c4        0x6 Leds/led.o
                0x000001c4                LEDS_getRed
 .text.LEDS_getGreen
                0x000001ca        0x6 Leds/led.o
                0x000001ca                LEDS_getGreen
 .text.LEDS_getBlue
                0x000001d0        0x6 Leds/led.o
                0x000001d0                LEDS_getBlue
 .text.LEDS_getFinalRed
                0x000001d6        0x6 Leds/led.o
                0x000001d6                LEDS_getFinalRed
 .text.LEDS_getFinalGreen
                0x000001dc        0x6 Leds/led.o
                0x000001dc                LEDS_getFinalGreen
 .text.LEDS_getFinalBlue
                0x000001e2        0x6 Leds/led.o
                0x000001e2                LEDS_getFinalBlue
 .text.LEDS_setFinalRGB
                0x000001e8       0x12 Leds/led.o
                0x000001e8                LEDS_setFinalRGB
 .text.LEDS_incrementRed
                0x000001fa       0x1c Leds/led.o
                0x000001fa                LEDS_incrementRed
 .text.LEDS_incrementGreen
                0x00000216       0x1c Leds/led.o
                0x00000216                LEDS_incrementGreen
 .text.LEDS_incrementBlue
                0x00000232       0x1c Leds/led.o
                0x00000232                LEDS_incrementBlue
 .text.LEDS_decrementRed
                0x0000024e       0x24 Leds/led.o
                0x0000024e                LEDS_decrementRed
 .text.LEDS_decrementGreen
                0x00000272       0x24 Leds/led.o
                0x00000272                LEDS_decrementGreen
 .text.LEDS_decrementBlue
                0x00000296       0x24 Leds/led.o
                0x00000296                LEDS_decrementBlue
 .text.main     0x000002ba       0x32 main.o
                0x000002ba                main
 .text.MEF_init
                0x000002ec       0x10 MEF/MEF.o
                0x000002ec                MEF_init
 .text.MEF_Update
                0x000002fc      0x14a MEF/MEF.o
                0x000002fc                MEF_Update
 .text.sEOS_Dispatch_Tasks
                0x00000446       0x12 sEOS/sEOS.o
                0x00000446                sEOS_Dispatch_Tasks
 .text.sEOS_SCH_Tasks
                0x00000458       0x2a sEOS/sEOS.o
                0x00000458                sEOS_SCH_Tasks
 .text.PWM_soft_Update
                0x00000482       0x46 SW_PWM/PWM.o
                0x00000482                PWM_soft_Update
 .text.PWM_soft_init
                0x000004c8       0x14 SW_PWM/PWM.o
                0x000004c8                PWM_soft_init
 .text.TIMERS_InitTimer0
                0x000004dc       0x1c Timers/timer0.o
                0x000004dc                TIMERS_InitTimer0
 .text.__vector_14
                0x000004f8       0x48 Timers/timer0.o
                0x000004f8                __vector_14
 .text.TIMERS_InitTimer1
                0x00000540       0x16 Timers/timer1.o
                0x00000540                TIMERS_InitTimer1
                0x00000556                . = ALIGN (0x2)
 *(.fini9)
 .fini9         0x00000556        0x0 d:/program files (x86)/atmel/studio/7.0/toolchain/avr8/avr8-gnu-toolchain/bin/../lib/gcc/avr/5.4.0/avr5\libgcc.a(_exit.o)
                0x00000556                _exit
                0x00000556                exit
 *(.fini9)
 *(.fini8)
 *(.fini8)
 *(.fini7)
 *(.fini7)
 *(.fini6)
 *(.fini6)
 *(.fini5)
 *(.fini5)
 *(.fini4)
 *(.fini4)
 *(.fini3)
 *(.fini3)
 *(.fini2)
 *(.fini2)
 *(.fini1)
 *(.fini1)
 *(.fini0)
 .fini0         0x00000556        0x4 d:/program files (x86)/atmel/studio/7.0/toolchain/avr8/avr8-gnu-toolchain/bin/../lib/gcc/avr/5.4.0/avr5\libgcc.a(_exit.o)
 *(.fini0)
                0x0000055a                _etext = .

.data           0x00800100        0x2 load address 0x0000055a
                0x00800100                PROVIDE (__data_start, .)
 *(.data)
 *(.data*)
 .data.counter  0x00800100        0x2 sEOS/sEOS.o
 *(.gnu.linkonce.d*)
 *(.rodata)
 *(.rodata*)
 *(.gnu.linkonce.r*)
                0x00800102                . = ALIGN (0x2)
                0x00800102                _edata = .
                0x00800102                PROVIDE (__data_end, .)

.bss            0x00800102       0x2b
                0x00800102                PROVIDE (__bss_start, .)
 *(.bss)
 *(.bss*)
 .bss.blue_increments
                0x00800102        0xa Leds/led.o
 .bss.green_increments
                0x0080010c        0xa Leds/led.o
 .bss.red_increments
                0x00800116        0xa Leds/led.o
 .bss.blue      0x00800120        0x1 Leds/led.o
 .bss.green     0x00800121        0x1 Leds/led.o
 .bss.red       0x00800122        0x1 Leds/led.o
 .bss.final_blue
                0x00800123        0x1 Leds/led.o
 .bss.final_green
                0x00800124        0x1 Leds/led.o
 .bss.final_red
                0x00800125        0x1 Leds/led.o
 .bss.stateCount
                0x00800126        0x2 MEF/MEF.o
 .bss.state     0x00800128        0x1 MEF/MEF.o
 .bss.FLAG_MEF  0x00800129        0x1 sEOS/sEOS.o
 .bss.PWM_position.1970
                0x0080012a        0x2 SW_PWM/PWM.o
 .bss.PWM_DELTA
                0x0080012c        0x1 SW_PWM/PWM.o
 *(COMMON)
                0x0080012d                PROVIDE (__bss_end, .)
                0x0000055a                __data_load_start = LOADADDR (.data)
                0x0000055c                __data_load_end = (__data_load_start + SIZEOF (.data))

.noinit         0x0080012d        0x0
                [!provide]                PROVIDE (__noinit_start, .)
 *(.noinit*)
                [!provide]                PROVIDE (__noinit_end, .)
                0x0080012d                _end = .
                [!provide]                PROVIDE (__heap_start, .)

.eeprom         0x00810000        0x0
 *(.eeprom*)
                0x00810000                __eeprom_end = .

.fuse
 *(.fuse)
 *(.lfuse)
 *(.hfuse)
 *(.efuse)

.lock
 *(.lock*)

.signature
 *(.signature*)

.user_signatures
 *(.user_signatures*)

.stab
 *(.stab)

.stabstr
 *(.stabstr)

.stab.excl
 *(.stab.excl)

.stab.exclstr
 *(.stab.exclstr)

.stab.index
 *(.stab.index)

.stab.indexstr
 *(.stab.indexstr)

.comment        0x00000000       0x30
 *(.comment)
 .comment       0x00000000       0x30 Leds/led.o
                                 0x31 (size before relaxing)
 .comment       0x00000030       0x31 main.o
 .comment       0x00000030       0x31 MEF/MEF.o
 .comment       0x00000030       0x31 sEOS/sEOS.o
 .comment       0x00000030       0x31 SW_PWM/PWM.o
 .comment       0x00000030       0x31 Timers/timer0.o
 .comment       0x00000030       0x31 Timers/timer1.o

.note.gnu.avr.deviceinfo
                0x00000000       0x40
 .note.gnu.avr.deviceinfo
                0x00000000       0x40 D:/Program Files (x86)/Atmel/Studio/7.0/Packs/atmel/ATmega_DFP/1.7.374/gcc/dev/atmega328p/avr5/crtatmega328p.o

.note.gnu.build-id
 *(.note.gnu.build-id)

.debug
 *(.debug)

.line
 *(.line)

.debug_srcinfo
 *(.debug_srcinfo)

.debug_sfnames
 *(.debug_sfnames)

.debug_aranges  0x00000000      0x1b8
 *(.debug_aranges)
 .debug_aranges
                0x00000000       0xc0 Leds/led.o
 .debug_aranges
                0x000000c0       0x20 main.o
 .debug_aranges
                0x000000e0       0x28 MEF/MEF.o
 .debug_aranges
                0x00000108       0x30 sEOS/sEOS.o
 .debug_aranges
                0x00000138       0x38 SW_PWM/PWM.o
 .debug_aranges
                0x00000170       0x28 Timers/timer0.o
 .debug_aranges
                0x00000198       0x20 Timers/timer1.o

.debug_pubnames
 *(.debug_pubnames)

.debug_info     0x00000000     0x129e
 *(.debug_info .gnu.linkonce.wi.*)
 .debug_info    0x00000000      0x5f4 D:/Program Files (x86)/Atmel/Studio/7.0/Packs/atmel/ATmega_DFP/1.7.374/gcc/dev/atmega328p/avr5/crtatmega328p.o
 .debug_info    0x000005f4      0x594 Leds/led.o
 .debug_info    0x00000b88      0x143 main.o
 .debug_info    0x00000ccb      0x265 MEF/MEF.o
 .debug_info    0x00000f30      0x120 sEOS/sEOS.o
 .debug_info    0x00001050      0x112 SW_PWM/PWM.o
 .debug_info    0x00001162       0xba Timers/timer0.o
 .debug_info    0x0000121c       0x82 Timers/timer1.o

.debug_abbrev   0x00000000      0xa6d
 *(.debug_abbrev)
 .debug_abbrev  0x00000000      0x5a2 D:/Program Files (x86)/Atmel/Studio/7.0/Packs/atmel/ATmega_DFP/1.7.374/gcc/dev/atmega328p/avr5/crtatmega328p.o
 .debug_abbrev  0x000005a2      0x14c Leds/led.o
 .debug_abbrev  0x000006ee       0x8e main.o
 .debug_abbrev  0x0000077c       0xe3 MEF/MEF.o
 .debug_abbrev  0x0000085f       0x9a sEOS/sEOS.o
 .debug_abbrev  0x000008f9       0x9f SW_PWM/PWM.o
 .debug_abbrev  0x00000998       0x86 Timers/timer0.o
 .debug_abbrev  0x00000a1e       0x4f Timers/timer1.o

.debug_line     0x00000000      0xbbe
 *(.debug_line .debug_line.* .debug_line_end)
 .debug_line    0x00000000      0x134 D:/Program Files (x86)/Atmel/Studio/7.0/Packs/atmel/ATmega_DFP/1.7.374/gcc/dev/atmega328p/avr5/crtatmega328p.o
 .debug_line    0x00000134      0x3b3 Leds/led.o
 .debug_line    0x000004e7      0x151 main.o
 .debug_line    0x00000638      0x1a6 MEF/MEF.o
 .debug_line    0x000007de      0x133 sEOS/sEOS.o
 .debug_line    0x00000911      0x111 SW_PWM/PWM.o
 .debug_line    0x00000a22       0xf0 Timers/timer0.o
 .debug_line    0x00000b12       0xac Timers/timer1.o

.debug_frame    0x00000000      0x344
 *(.debug_frame)
 .debug_frame   0x00000000      0x1b4 Leds/led.o
 .debug_frame   0x000001b4       0x24 main.o
 .debug_frame   0x000001d8       0x34 MEF/MEF.o
 .debug_frame   0x0000020c       0x44 sEOS/sEOS.o
 .debug_frame   0x00000250       0x54 SW_PWM/PWM.o
 .debug_frame   0x000002a4       0x7c Timers/timer0.o
 .debug_frame   0x00000320       0x24 Timers/timer1.o

.debug_str      0x00000000      0x710
 *(.debug_str)
 .debug_str     0x00000000      0x208 D:/Program Files (x86)/Atmel/Studio/7.0/Packs/atmel/ATmega_DFP/1.7.374/gcc/dev/atmega328p/avr5/crtatmega328p.o
 .debug_str     0x00000208      0x391 Leds/led.o
                                0x3d6 (size before relaxing)
 .debug_str     0x00000599       0x60 main.o
                                0x21f (size before relaxing)
 .debug_str     0x000005f9       0x48 MEF/MEF.o
                                0x2c8 (size before relaxing)
 .debug_str     0x00000641       0x50 sEOS/sEOS.o
                                0x21c (size before relaxing)
 .debug_str     0x00000691       0x4d SW_PWM/PWM.o
                                0x21e (size before relaxing)
 .debug_str     0x000006de       0x1f Timers/timer0.o
                                0x1e4 (size before relaxing)
 .debug_str     0x000006fd       0x13 Timers/timer1.o
                                0x1c4 (size before relaxing)

.debug_loc      0x00000000      0x4aa
 *(.debug_loc)
 .debug_loc     0x00000000      0x3df Leds/led.o
 .debug_loc     0x000003df       0xcb Timers/timer0.o

.debug_macinfo
 *(.debug_macinfo)

.debug_weaknames
 *(.debug_weaknames)

.debug_funcnames
 *(.debug_funcnames)

.debug_typenames
 *(.debug_typenames)

.debug_varnames
 *(.debug_varnames)

.debug_pubtypes
 *(.debug_pubtypes)

.debug_ranges   0x00000000      0x148
 *(.debug_ranges)
 .debug_ranges  0x00000000       0xb0 Leds/led.o
 .debug_ranges  0x000000b0       0x10 main.o
 .debug_ranges  0x000000c0       0x18 MEF/MEF.o
 .debug_ranges  0x000000d8       0x20 sEOS/sEOS.o
 .debug_ranges  0x000000f8       0x28 SW_PWM/PWM.o
 .debug_ranges  0x00000120       0x18 Timers/timer0.o
 .debug_ranges  0x00000138       0x10 Timers/timer1.o

.debug_macro
 *(.debug_macro)
OUTPUT(TP4.elf elf32-avr)
LOAD linker stubs
