Archive member included to satisfy reference by file (symbol)

c:/program files (x86)/atmel/studio/7.0/toolchain/avr8/avr8-gnu-toolchain/bin/../lib/gcc/avr/5.4.0/avr5\libgcc.a(_exit.o)
                              C:/Program Files (x86)/Atmel/Studio/7.0/Packs/atmel/ATmega_DFP/1.7.374/gcc/dev/atmega328p/avr5/crtatmega328p.o (exit)
c:/program files (x86)/atmel/studio/7.0/toolchain/avr8/avr8-gnu-toolchain/bin/../lib/gcc/avr/5.4.0/avr5\libgcc.a(_copy_data.o)
                              sEOS/sEOS.o (__do_copy_data)
c:/program files (x86)/atmel/studio/7.0/toolchain/avr8/avr8-gnu-toolchain/bin/../lib/gcc/avr/5.4.0/avr5\libgcc.a(_clear_bss.o)
                              LDR/LDR.o (__do_clear_bss)

Discarded input sections

 .data          0x00000000        0x0 C:/Program Files (x86)/Atmel/Studio/7.0/Packs/atmel/ATmega_DFP/1.7.374/gcc/dev/atmega328p/avr5/crtatmega328p.o
 .bss           0x00000000        0x0 C:/Program Files (x86)/Atmel/Studio/7.0/Packs/atmel/ATmega_DFP/1.7.374/gcc/dev/atmega328p/avr5/crtatmega328p.o
 .text          0x00000000        0x0 LDR/LDR.o
 .data          0x00000000        0x0 LDR/LDR.o
 .bss           0x00000000        0x0 LDR/LDR.o
 .text.LDR_Update
                0x00000000       0x28 LDR/LDR.o
 .text          0x00000000        0x0 Leds/led.o
 .data          0x00000000        0x0 Leds/led.o
 .bss           0x00000000        0x0 Leds/led.o
 .text.LEDS_setFinalRed
                0x00000000        0x6 Leds/led.o
 .text.LEDS_setFinalGreen
                0x00000000        0x6 Leds/led.o
 .text.LEDS_setFinalBlue
                0x00000000        0x6 Leds/led.o
 .text          0x00000000        0x0 main.o
 .data          0x00000000        0x0 main.o
 .bss           0x00000000        0x0 main.o
 .text          0x00000000        0x0 MEF/MEF.o
 .data          0x00000000        0x0 MEF/MEF.o
 .bss           0x00000000        0x0 MEF/MEF.o
 .text.get_timeOff
                0x00000000        0x6 MEF/MEF.o
 .text          0x00000000        0x0 sEOS/sEOS.o
 .data          0x00000000        0x0 sEOS/sEOS.o
 .bss           0x00000000        0x0 sEOS/sEOS.o
 .text          0x00000000        0x0 Timers/timer0.o
 .data          0x00000000        0x0 Timers/timer0.o
 .bss           0x00000000        0x0 Timers/timer0.o
 .text          0x00000000        0x0 Timers/timer1.o
 .data          0x00000000        0x0 Timers/timer1.o
 .bss           0x00000000        0x0 Timers/timer1.o
 .text          0x00000000        0x0 c:/program files (x86)/atmel/studio/7.0/toolchain/avr8/avr8-gnu-toolchain/bin/../lib/gcc/avr/5.4.0/avr5\libgcc.a(_exit.o)
 .data          0x00000000        0x0 c:/program files (x86)/atmel/studio/7.0/toolchain/avr8/avr8-gnu-toolchain/bin/../lib/gcc/avr/5.4.0/avr5\libgcc.a(_exit.o)
 .bss           0x00000000        0x0 c:/program files (x86)/atmel/studio/7.0/toolchain/avr8/avr8-gnu-toolchain/bin/../lib/gcc/avr/5.4.0/avr5\libgcc.a(_exit.o)
 .text.libgcc.mul
                0x00000000        0x0 c:/program files (x86)/atmel/studio/7.0/toolchain/avr8/avr8-gnu-toolchain/bin/../lib/gcc/avr/5.4.0/avr5\libgcc.a(_exit.o)
 .text.libgcc.div
                0x00000000        0x0 c:/program files (x86)/atmel/studio/7.0/toolchain/avr8/avr8-gnu-toolchain/bin/../lib/gcc/avr/5.4.0/avr5\libgcc.a(_exit.o)
 .text.libgcc   0x00000000        0x0 c:/program files (x86)/atmel/studio/7.0/toolchain/avr8/avr8-gnu-toolchain/bin/../lib/gcc/avr/5.4.0/avr5\libgcc.a(_exit.o)
 .text.libgcc.prologue
                0x00000000        0x0 c:/program files (x86)/atmel/studio/7.0/toolchain/avr8/avr8-gnu-toolchain/bin/../lib/gcc/avr/5.4.0/avr5\libgcc.a(_exit.o)
 .text.libgcc.builtins
                0x00000000        0x0 c:/program files (x86)/atmel/studio/7.0/toolchain/avr8/avr8-gnu-toolchain/bin/../lib/gcc/avr/5.4.0/avr5\libgcc.a(_exit.o)
 .text.libgcc.fmul
                0x00000000        0x0 c:/program files (x86)/atmel/studio/7.0/toolchain/avr8/avr8-gnu-toolchain/bin/../lib/gcc/avr/5.4.0/avr5\libgcc.a(_exit.o)
 .text.libgcc.fixed
                0x00000000        0x0 c:/program files (x86)/atmel/studio/7.0/toolchain/avr8/avr8-gnu-toolchain/bin/../lib/gcc/avr/5.4.0/avr5\libgcc.a(_exit.o)
 .text          0x00000000        0x0 c:/program files (x86)/atmel/studio/7.0/toolchain/avr8/avr8-gnu-toolchain/bin/../lib/gcc/avr/5.4.0/avr5\libgcc.a(_copy_data.o)
 .data          0x00000000        0x0 c:/program files (x86)/atmel/studio/7.0/toolchain/avr8/avr8-gnu-toolchain/bin/../lib/gcc/avr/5.4.0/avr5\libgcc.a(_copy_data.o)
 .bss           0x00000000        0x0 c:/program files (x86)/atmel/studio/7.0/toolchain/avr8/avr8-gnu-toolchain/bin/../lib/gcc/avr/5.4.0/avr5\libgcc.a(_copy_data.o)
 .text.libgcc.mul
                0x00000000        0x0 c:/program files (x86)/atmel/studio/7.0/toolchain/avr8/avr8-gnu-toolchain/bin/../lib/gcc/avr/5.4.0/avr5\libgcc.a(_copy_data.o)
 .text.libgcc.div
                0x00000000        0x0 c:/program files (x86)/atmel/studio/7.0/toolchain/avr8/avr8-gnu-toolchain/bin/../lib/gcc/avr/5.4.0/avr5\libgcc.a(_copy_data.o)
 .text.libgcc   0x00000000        0x0 c:/program files (x86)/atmel/studio/7.0/toolchain/avr8/avr8-gnu-toolchain/bin/../lib/gcc/avr/5.4.0/avr5\libgcc.a(_copy_data.o)
 .text.libgcc.prologue
                0x00000000        0x0 c:/program files (x86)/atmel/studio/7.0/toolchain/avr8/avr8-gnu-toolchain/bin/../lib/gcc/avr/5.4.0/avr5\libgcc.a(_copy_data.o)
 .text.libgcc.builtins
                0x00000000        0x0 c:/program files (x86)/atmel/studio/7.0/toolchain/avr8/avr8-gnu-toolchain/bin/../lib/gcc/avr/5.4.0/avr5\libgcc.a(_copy_data.o)
 .text.libgcc.fmul
                0x00000000        0x0 c:/program files (x86)/atmel/studio/7.0/toolchain/avr8/avr8-gnu-toolchain/bin/../lib/gcc/avr/5.4.0/avr5\libgcc.a(_copy_data.o)
 .text.libgcc.fixed
                0x00000000        0x0 c:/program files (x86)/atmel/studio/7.0/toolchain/avr8/avr8-gnu-toolchain/bin/../lib/gcc/avr/5.4.0/avr5\libgcc.a(_copy_data.o)
 .text          0x00000000        0x0 c:/program files (x86)/atmel/studio/7.0/toolchain/avr8/avr8-gnu-toolchain/bin/../lib/gcc/avr/5.4.0/avr5\libgcc.a(_clear_bss.o)
 .data          0x00000000        0x0 c:/program files (x86)/atmel/studio/7.0/toolchain/avr8/avr8-gnu-toolchain/bin/../lib/gcc/avr/5.4.0/avr5\libgcc.a(_clear_bss.o)
 .bss           0x00000000        0x0 c:/program files (x86)/atmel/studio/7.0/toolchain/avr8/avr8-gnu-toolchain/bin/../lib/gcc/avr/5.4.0/avr5\libgcc.a(_clear_bss.o)
 .text.libgcc.mul
                0x00000000        0x0 c:/program files (x86)/atmel/studio/7.0/toolchain/avr8/avr8-gnu-toolchain/bin/../lib/gcc/avr/5.4.0/avr5\libgcc.a(_clear_bss.o)
 .text.libgcc.div
                0x00000000        0x0 c:/program files (x86)/atmel/studio/7.0/toolchain/avr8/avr8-gnu-toolchain/bin/../lib/gcc/avr/5.4.0/avr5\libgcc.a(_clear_bss.o)
 .text.libgcc   0x00000000        0x0 c:/program files (x86)/atmel/studio/7.0/toolchain/avr8/avr8-gnu-toolchain/bin/../lib/gcc/avr/5.4.0/avr5\libgcc.a(_clear_bss.o)
 .text.libgcc.prologue
                0x00000000        0x0 c:/program files (x86)/atmel/studio/7.0/toolchain/avr8/avr8-gnu-toolchain/bin/../lib/gcc/avr/5.4.0/avr5\libgcc.a(_clear_bss.o)
 .text.libgcc.builtins
                0x00000000        0x0 c:/program files (x86)/atmel/studio/7.0/toolchain/avr8/avr8-gnu-toolchain/bin/../lib/gcc/avr/5.4.0/avr5\libgcc.a(_clear_bss.o)
 .text.libgcc.fmul
                0x00000000        0x0 c:/program files (x86)/atmel/studio/7.0/toolchain/avr8/avr8-gnu-toolchain/bin/../lib/gcc/avr/5.4.0/avr5\libgcc.a(_clear_bss.o)
 .text.libgcc.fixed
                0x00000000        0x0 c:/program files (x86)/atmel/studio/7.0/toolchain/avr8/avr8-gnu-toolchain/bin/../lib/gcc/avr/5.4.0/avr5\libgcc.a(_clear_bss.o)

Memory Configuration

Name             Origin             Length             Attributes
text             0x00000000         0x00008000         xr
data             0x00800100         0x00000800         rw !x
eeprom           0x00810000         0x00000400         rw !x
fuse             0x00820000         0x00000003         rw !x
lock             0x00830000         0x00000400         rw !x
signature        0x00840000         0x00000400         rw !x
user_signatures  0x00850000         0x00000400         rw !x
*default*        0x00000000         0xffffffff

Linker script and memory map

Address of section .data set to 0x800100
LOAD C:/Program Files (x86)/Atmel/Studio/7.0/Packs/atmel/ATmega_DFP/1.7.374/gcc/dev/atmega328p/avr5/crtatmega328p.o
LOAD LDR/LDR.o
LOAD Leds/led.o
LOAD main.o
LOAD MEF/MEF.o
LOAD sEOS/sEOS.o
LOAD Timers/timer0.o
LOAD Timers/timer1.o
START GROUP
LOAD c:/program files (x86)/atmel/studio/7.0/toolchain/avr8/avr8-gnu-toolchain/bin/../lib/gcc/avr/5.4.0/../../../../avr/lib/avr5\libm.a
END GROUP
START GROUP
LOAD c:/program files (x86)/atmel/studio/7.0/toolchain/avr8/avr8-gnu-toolchain/bin/../lib/gcc/avr/5.4.0/avr5\libgcc.a
LOAD c:/program files (x86)/atmel/studio/7.0/toolchain/avr8/avr8-gnu-toolchain/bin/../lib/gcc/avr/5.4.0/../../../../avr/lib/avr5\libm.a
LOAD c:/program files (x86)/atmel/studio/7.0/toolchain/avr8/avr8-gnu-toolchain/bin/../lib/gcc/avr/5.4.0/../../../../avr/lib/avr5\libc.a
LOAD C:/Program Files (x86)/Atmel/Studio/7.0/Packs/atmel/ATmega_DFP/1.7.374/gcc/dev/atmega328p/avr5\libatmega328p.a
END GROUP
                0x00000000                __TEXT_REGION_ORIGIN__ = DEFINED (__TEXT_REGION_ORIGIN__)?__TEXT_REGION_ORIGIN__:0x0
                [0x00800100]                __DATA_REGION_ORIGIN__ = DEFINED (__DATA_REGION_ORIGIN__)?__DATA_REGION_ORIGIN__:0x800060
                [0x00008000]                __TEXT_REGION_LENGTH__ = DEFINED (__TEXT_REGION_LENGTH__)?__TEXT_REGION_LENGTH__:0x20000
                [0x00000800]                __DATA_REGION_LENGTH__ = DEFINED (__DATA_REGION_LENGTH__)?__DATA_REGION_LENGTH__:0xffa0
                [0x00000400]                __EEPROM_REGION_LENGTH__ = DEFINED (__EEPROM_REGION_LENGTH__)?__EEPROM_REGION_LENGTH__:0x10000
                [0x00000003]                __FUSE_REGION_LENGTH__ = DEFINED (__FUSE_REGION_LENGTH__)?__FUSE_REGION_LENGTH__:0x400
                0x00000400                __LOCK_REGION_LENGTH__ = DEFINED (__LOCK_REGION_LENGTH__)?__LOCK_REGION_LENGTH__:0x400
                0x00000400                __SIGNATURE_REGION_LENGTH__ = DEFINED (__SIGNATURE_REGION_LENGTH__)?__SIGNATURE_REGION_LENGTH__:0x400
                0x00000400                __USER_SIGNATURE_REGION_LENGTH__ = DEFINED (__USER_SIGNATURE_REGION_LENGTH__)?__USER_SIGNATURE_REGION_LENGTH__:0x400

.hash
 *(.hash)

.dynsym
 *(.dynsym)

.dynstr
 *(.dynstr)

.gnu.version
 *(.gnu.version)

.gnu.version_d
 *(.gnu.version_d)

.gnu.version_r
 *(.gnu.version_r)

.rel.init
 *(.rel.init)

.rela.init
 *(.rela.init)

.rel.text
 *(.rel.text)
 *(.rel.text.*)
 *(.rel.gnu.linkonce.t*)

.rela.text
 *(.rela.text)
 *(.rela.text.*)
 *(.rela.gnu.linkonce.t*)

.rel.fini
 *(.rel.fini)

.rela.fini
 *(.rela.fini)

.rel.rodata
 *(.rel.rodata)
 *(.rel.rodata.*)
 *(.rel.gnu.linkonce.r*)

.rela.rodata
 *(.rela.rodata)
 *(.rela.rodata.*)
 *(.rela.gnu.linkonce.r*)

.rel.data
 *(.rel.data)
 *(.rel.data.*)
 *(.rel.gnu.linkonce.d*)

.rela.data
 *(.rela.data)
 *(.rela.data.*)
 *(.rela.gnu.linkonce.d*)

.rel.ctors
 *(.rel.ctors)

.rela.ctors
 *(.rela.ctors)

.rel.dtors
 *(.rel.dtors)

.rela.dtors
 *(.rela.dtors)

.rel.got
 *(.rel.got)

.rela.got
 *(.rela.got)

.rel.bss
 *(.rel.bss)

.rela.bss
 *(.rela.bss)

.rel.plt
 *(.rel.plt)

.rela.plt
 *(.rela.plt)

.text           0x00000000      0x5a2
 *(.vectors)
 .vectors       0x00000000       0x68 C:/Program Files (x86)/Atmel/Studio/7.0/Packs/atmel/ATmega_DFP/1.7.374/gcc/dev/atmega328p/avr5/crtatmega328p.o
                0x00000000                __vector_default
                0x00000000                __vectors
 *(.vectors)
 *(.progmem.gcc*)
                0x00000068                . = ALIGN (0x2)
                0x00000068                __trampolines_start = .
 *(.trampolines)
 .trampolines   0x00000068        0x0 linker stubs
 *(.trampolines*)
                0x00000068                __trampolines_end = .
 *libprintf_flt.a:*(.progmem.data)
 *libc.a:*(.progmem.data)
 *(.progmem*)
                0x00000068                . = ALIGN (0x2)
 *(.jumptables)
 *(.jumptables*)
 *(.lowtext)
 *(.lowtext*)
                0x00000068                __ctors_start = .
 *(.ctors)
                0x00000068                __ctors_end = .
                0x00000068                __dtors_start = .
 *(.dtors)
                0x00000068                __dtors_end = .
 SORT(*)(.ctors)
 SORT(*)(.dtors)
 *(.init0)
 .init0         0x00000068        0x0 C:/Program Files (x86)/Atmel/Studio/7.0/Packs/atmel/ATmega_DFP/1.7.374/gcc/dev/atmega328p/avr5/crtatmega328p.o
                0x00000068                __init
 *(.init0)
 *(.init1)
 *(.init1)
 *(.init2)
 .init2         0x00000068        0xc C:/Program Files (x86)/Atmel/Studio/7.0/Packs/atmel/ATmega_DFP/1.7.374/gcc/dev/atmega328p/avr5/crtatmega328p.o
 *(.init2)
 *(.init3)
 *(.init3)
 *(.init4)
 .init4         0x00000074       0x16 c:/program files (x86)/atmel/studio/7.0/toolchain/avr8/avr8-gnu-toolchain/bin/../lib/gcc/avr/5.4.0/avr5\libgcc.a(_copy_data.o)
                0x00000074                __do_copy_data
 .init4         0x0000008a       0x10 c:/program files (x86)/atmel/studio/7.0/toolchain/avr8/avr8-gnu-toolchain/bin/../lib/gcc/avr/5.4.0/avr5\libgcc.a(_clear_bss.o)
                0x0000008a                __do_clear_bss
 *(.init4)
 *(.init5)
 *(.init5)
 *(.init6)
 *(.init6)
 *(.init7)
 *(.init7)
 *(.init8)
 *(.init8)
 *(.init9)
 .init9         0x0000009a        0x8 C:/Program Files (x86)/Atmel/Studio/7.0/Packs/atmel/ATmega_DFP/1.7.374/gcc/dev/atmega328p/avr5/crtatmega328p.o
 *(.init9)
 *(.text)
 .text          0x000000a2        0x4 C:/Program Files (x86)/Atmel/Studio/7.0/Packs/atmel/ATmega_DFP/1.7.374/gcc/dev/atmega328p/avr5/crtatmega328p.o
                0x000000a2                __vector_22
                0x000000a2                __vector_1
                0x000000a2                __vector_24
                0x000000a2                __vector_12
                0x000000a2                __bad_interrupt
                0x000000a2                __vector_6
                0x000000a2                __vector_3
                0x000000a2                __vector_23
                0x000000a2                __vector_25
                0x000000a2                __vector_11
                0x000000a2                __vector_13
                0x000000a2                __vector_17
                0x000000a2                __vector_19
                0x000000a2                __vector_7
                0x000000a2                __vector_5
                0x000000a2                __vector_4
                0x000000a2                __vector_9
                0x000000a2                __vector_2
                0x000000a2                __vector_21
                0x000000a2                __vector_15
                0x000000a2                __vector_8
                0x000000a2                __vector_10
                0x000000a2                __vector_16
                0x000000a2                __vector_18
                0x000000a2                __vector_20
                0x000000a6                . = ALIGN (0x2)
 *(.text.*)
 .text.LDR_config
                0x000000a6       0x18 LDR/LDR.o
                0x000000a6                LDR_config
 .text.LDR_get_value
                0x000000be       0x2e LDR/LDR.o
                0x000000be                LDR_get_value
 .text.distributeValues
                0x000000ec       0xa6 Leds/led.o
                0x000000ec                distributeValues
 .text.LEDS_setRed
                0x00000192        0x6 Leds/led.o
                0x00000192                LEDS_setRed
 .text.LEDS_setGreen
                0x00000198       0x16 Leds/led.o
                0x00000198                LEDS_setGreen
 .text.LEDS_setBlue
                0x000001ae       0x16 Leds/led.o
                0x000001ae                LEDS_setBlue
 .text.LEDS_init
                0x000001c4       0x46 Leds/led.o
                0x000001c4                LEDS_init
 .text.LEDS_getRed
                0x0000020a        0x6 Leds/led.o
                0x0000020a                LEDS_getRed
 .text.LEDS_getGreen
                0x00000210        0x6 Leds/led.o
                0x00000210                LEDS_getGreen
 .text.LEDS_getBlue
                0x00000216        0x6 Leds/led.o
                0x00000216                LEDS_getBlue
 .text.LEDS_getFinalRed
                0x0000021c        0x6 Leds/led.o
                0x0000021c                LEDS_getFinalRed
 .text.LEDS_getFinalGreen
                0x00000222        0x6 Leds/led.o
                0x00000222                LEDS_getFinalGreen
 .text.LEDS_getFinalBlue
                0x00000228        0x6 Leds/led.o
                0x00000228                LEDS_getFinalBlue
 .text.LEDS_setFinalRGB
                0x0000022e       0x12 Leds/led.o
                0x0000022e                LEDS_setFinalRGB
 .text.LEDS_incrementRed
                0x00000240       0x1c Leds/led.o
                0x00000240                LEDS_incrementRed
 .text.LEDS_incrementGreen
                0x0000025c       0x1c Leds/led.o
                0x0000025c                LEDS_incrementGreen
 .text.LEDS_incrementBlue
                0x00000278       0x1c Leds/led.o
                0x00000278                LEDS_incrementBlue
 .text.LEDS_decrementRed
                0x00000294       0x24 Leds/led.o
                0x00000294                LEDS_decrementRed
 .text.LEDS_decrementGreen
                0x000002b8       0x24 Leds/led.o
                0x000002b8                LEDS_decrementGreen
 .text.LEDS_decrementBlue
                0x000002dc       0x24 Leds/led.o
                0x000002dc                LEDS_decrementBlue
 .text.main     0x00000300       0x36 main.o
                0x00000300                main
 .text.MEF_init
                0x00000336       0x10 MEF/MEF.o
                0x00000336                MEF_init
 .text.MEF_Update
                0x00000346      0x160 MEF/MEF.o
                0x00000346                MEF_Update
 .text.sEOS_Dispatch_Tasks
                0x000004a6       0x1e sEOS/sEOS.o
                0x000004a6                sEOS_Dispatch_Tasks
 .text.sEOS_SCH_Tasks
                0x000004c4       0x4a sEOS/sEOS.o
                0x000004c4                sEOS_SCH_Tasks
 .text.sEOS_Go_To_Sleep
                0x0000050e       0x16 sEOS/sEOS.o
                0x0000050e                sEOS_Go_To_Sleep
 .text.TIMERS_InitTimer0
                0x00000524       0x1c Timers/timer0.o
                0x00000524                TIMERS_InitTimer0
 .text.__vector_14
                0x00000540       0x48 Timers/timer0.o
                0x00000540                __vector_14
 .text.TIMERS_InitTimer1
                0x00000588       0x16 Timers/timer1.o
                0x00000588                TIMERS_InitTimer1
                0x0000059e                . = ALIGN (0x2)
 *(.fini9)
 .fini9         0x0000059e        0x0 c:/program files (x86)/atmel/studio/7.0/toolchain/avr8/avr8-gnu-toolchain/bin/../lib/gcc/avr/5.4.0/avr5\libgcc.a(_exit.o)
                0x0000059e                _exit
                0x0000059e                exit
 *(.fini9)
 *(.fini8)
 *(.fini8)
 *(.fini7)
 *(.fini7)
 *(.fini6)
 *(.fini6)
 *(.fini5)
 *(.fini5)
 *(.fini4)
 *(.fini4)
 *(.fini3)
 *(.fini3)
 *(.fini2)
 *(.fini2)
 *(.fini1)
 *(.fini1)
 *(.fini0)
 .fini0         0x0000059e        0x4 c:/program files (x86)/atmel/studio/7.0/toolchain/avr8/avr8-gnu-toolchain/bin/../lib/gcc/avr/5.4.0/avr5\libgcc.a(_exit.o)
 *(.fini0)
                0x000005a2                _etext = .

.data           0x00800100        0x4 load address 0x000005a2
                0x00800100                PROVIDE (__data_start, .)
 *(.data)
 *(.data*)
 .data.counter_LDR
                0x00800100        0x2 sEOS/sEOS.o
 .data.counter_MEF
                0x00800102        0x2 sEOS/sEOS.o
 *(.gnu.linkonce.d*)
 *(.rodata)
 *(.rodata*)
 *(.gnu.linkonce.r*)
                0x00800104                . = ALIGN (0x2)
                0x00800104                _edata = .
                0x00800104                PROVIDE (__data_end, .)

.bss            0x00800104       0x2b
                0x00800104                PROVIDE (__bss_start, .)
 *(.bss)
 *(.bss*)
 .bss.result    0x00800104        0x2 LDR/LDR.o
                0x00800104                result
 .bss.blue_increments
                0x00800106        0xa Leds/led.o
 .bss.green_increments
                0x00800110        0xa Leds/led.o
 .bss.red_increments
                0x0080011a        0xa Leds/led.o
 .bss.blue      0x00800124        0x1 Leds/led.o
 .bss.green     0x00800125        0x1 Leds/led.o
 .bss.red       0x00800126        0x1 Leds/led.o
 .bss.final_blue
                0x00800127        0x1 Leds/led.o
 .bss.final_green
                0x00800128        0x1 Leds/led.o
 .bss.final_red
                0x00800129        0x1 Leds/led.o
 .bss.stateCount
                0x0080012a        0x2 MEF/MEF.o
 .bss.state     0x0080012c        0x1 MEF/MEF.o
 .bss.FLAG_LDR  0x0080012d        0x1 sEOS/sEOS.o
 .bss.FLAG_MEF  0x0080012e        0x1 sEOS/sEOS.o
 *(COMMON)
                0x0080012f                PROVIDE (__bss_end, .)
                0x000005a2                __data_load_start = LOADADDR (.data)
                0x000005a6                __data_load_end = (__data_load_start + SIZEOF (.data))

.noinit         0x0080012f        0x0
                [!provide]                PROVIDE (__noinit_start, .)
 *(.noinit*)
                [!provide]                PROVIDE (__noinit_end, .)
                0x0080012f                _end = .
                [!provide]                PROVIDE (__heap_start, .)

.eeprom         0x00810000        0x0
 *(.eeprom*)
                0x00810000                __eeprom_end = .

.fuse
 *(.fuse)
 *(.lfuse)
 *(.hfuse)
 *(.efuse)

.lock
 *(.lock*)

.signature
 *(.signature*)

.user_signatures
 *(.user_signatures*)

.stab
 *(.stab)

.stabstr
 *(.stabstr)

.stab.excl
 *(.stab.excl)

.stab.exclstr
 *(.stab.exclstr)

.stab.index
 *(.stab.index)

.stab.indexstr
 *(.stab.indexstr)

.comment        0x00000000       0x30
 *(.comment)
 .comment       0x00000000       0x30 LDR/LDR.o
                                 0x31 (size before relaxing)
 .comment       0x00000030       0x31 Leds/led.o
 .comment       0x00000030       0x31 main.o
 .comment       0x00000030       0x31 MEF/MEF.o
 .comment       0x00000030       0x31 sEOS/sEOS.o
 .comment       0x00000030       0x31 Timers/timer0.o
 .comment       0x00000030       0x31 Timers/timer1.o

.note.gnu.avr.deviceinfo
                0x00000000       0x40
 .note.gnu.avr.deviceinfo
                0x00000000       0x40 C:/Program Files (x86)/Atmel/Studio/7.0/Packs/atmel/ATmega_DFP/1.7.374/gcc/dev/atmega328p/avr5/crtatmega328p.o

.note.gnu.build-id
 *(.note.gnu.build-id)

.debug
 *(.debug)

.line
 *(.line)

.debug_srcinfo
 *(.debug_srcinfo)

.debug_sfnames
 *(.debug_sfnames)

.debug_aranges  0x00000000      0x1b8
 *(.debug_aranges)
 .debug_aranges
                0x00000000       0x30 LDR/LDR.o
 .debug_aranges
                0x00000030       0xc0 Leds/led.o
 .debug_aranges
                0x000000f0       0x20 main.o
 .debug_aranges
                0x00000110       0x30 MEF/MEF.o
 .debug_aranges
                0x00000140       0x30 sEOS/sEOS.o
 .debug_aranges
                0x00000170       0x28 Timers/timer0.o
 .debug_aranges
                0x00000198       0x20 Timers/timer1.o

.debug_pubnames
 *(.debug_pubnames)

.debug_info     0x00000000     0x12e4
 *(.debug_info .gnu.linkonce.wi.*)
 .debug_info    0x00000000      0x5f4 C:/Program Files (x86)/Atmel/Studio/7.0/Packs/atmel/ATmega_DFP/1.7.374/gcc/dev/atmega328p/avr5/crtatmega328p.o
 .debug_info    0x000005f4       0xcd LDR/LDR.o
 .debug_info    0x000006c1      0x594 Leds/led.o
 .debug_info    0x00000c55      0x159 main.o
 .debug_info    0x00000dae      0x2d3 MEF/MEF.o
 .debug_info    0x00001081      0x127 sEOS/sEOS.o
 .debug_info    0x000011a8       0xba Timers/timer0.o
 .debug_info    0x00001262       0x82 Timers/timer1.o

.debug_abbrev   0x00000000      0xa5e
 *(.debug_abbrev)
 .debug_abbrev  0x00000000      0x5a2 C:/Program Files (x86)/Atmel/Studio/7.0/Packs/atmel/ATmega_DFP/1.7.374/gcc/dev/atmega328p/avr5/crtatmega328p.o
 .debug_abbrev  0x000005a2       0x78 LDR/LDR.o
 .debug_abbrev  0x0000061a      0x14c Leds/led.o
 .debug_abbrev  0x00000766       0x8e main.o
 .debug_abbrev  0x000007f4       0xfb MEF/MEF.o
 .debug_abbrev  0x000008ef       0x9a sEOS/sEOS.o
 .debug_abbrev  0x00000989       0x86 Timers/timer0.o
 .debug_abbrev  0x00000a0f       0x4f Timers/timer1.o

.debug_line     0x00000000      0xbd1
 *(.debug_line .debug_line.* .debug_line_end)
 .debug_line    0x00000000      0x134 C:/Program Files (x86)/Atmel/Studio/7.0/Packs/atmel/ATmega_DFP/1.7.374/gcc/dev/atmega328p/avr5/crtatmega328p.o
 .debug_line    0x00000134      0x108 LDR/LDR.o
 .debug_line    0x0000023c      0x3b3 Leds/led.o
 .debug_line    0x000005ef      0x150 main.o
 .debug_line    0x0000073f      0x1c6 MEF/MEF.o
 .debug_line    0x00000905      0x130 sEOS/sEOS.o
 .debug_line    0x00000a35       0xf0 Timers/timer0.o
 .debug_line    0x00000b25       0xac Timers/timer1.o

.debug_frame    0x00000000      0x344
 *(.debug_frame)
 .debug_frame   0x00000000       0x44 LDR/LDR.o
 .debug_frame   0x00000044      0x1b4 Leds/led.o
 .debug_frame   0x000001f8       0x24 main.o
 .debug_frame   0x0000021c       0x44 MEF/MEF.o
 .debug_frame   0x00000260       0x44 sEOS/sEOS.o
 .debug_frame   0x000002a4       0x7c Timers/timer0.o
 .debug_frame   0x00000320       0x24 Timers/timer1.o

.debug_str      0x00000000      0x70e
 *(.debug_str)
 .debug_str     0x00000000      0x208 C:/Program Files (x86)/Atmel/Studio/7.0/Packs/atmel/ATmega_DFP/1.7.374/gcc/dev/atmega328p/avr5/crtatmega328p.o
 .debug_str     0x00000208      0x175 LDR/LDR.o
                                0x1a9 (size before relaxing)
 .debug_str     0x0000037d      0x21d Leds/led.o
                                0x39f (size before relaxing)
 .debug_str     0x0000059a       0xa4 main.o
                                0x1e9 (size before relaxing)
 .debug_str     0x0000063e       0x56 MEF/MEF.o
                                0x2a8 (size before relaxing)
 .debug_str     0x00000694       0x48 sEOS/sEOS.o
                                0x1e1 (size before relaxing)
 .debug_str     0x000006dc       0x1f Timers/timer0.o
                                0x1a0 (size before relaxing)
 .debug_str     0x000006fb       0x13 Timers/timer1.o
                                0x18d (size before relaxing)

.debug_loc      0x00000000      0x4aa
 *(.debug_loc)
 .debug_loc     0x00000000      0x3df Leds/led.o
 .debug_loc     0x000003df       0xcb Timers/timer0.o

.debug_macinfo
 *(.debug_macinfo)

.debug_weaknames
 *(.debug_weaknames)

.debug_funcnames
 *(.debug_funcnames)

.debug_typenames
 *(.debug_typenames)

.debug_varnames
 *(.debug_varnames)

.debug_pubtypes
 *(.debug_pubtypes)

.debug_ranges   0x00000000      0x148
 *(.debug_ranges)
 .debug_ranges  0x00000000       0x20 LDR/LDR.o
 .debug_ranges  0x00000020       0xb0 Leds/led.o
 .debug_ranges  0x000000d0       0x10 main.o
 .debug_ranges  0x000000e0       0x20 MEF/MEF.o
 .debug_ranges  0x00000100       0x20 sEOS/sEOS.o
 .debug_ranges  0x00000120       0x18 Timers/timer0.o
 .debug_ranges  0x00000138       0x10 Timers/timer1.o

.debug_macro
 *(.debug_macro)
OUTPUT(TP4.elf elf32-avr)
LOAD linker stubs
